[INFO] SMTgazer2 action=run run_id=20260807_192209_10885
[INFO] Repository: /root/autodl-tmp/SMTgazer2
[INFO] Log: /root/autodl-tmp/SMTgazer2/logs/20260807_192209_10885/run.log
[INFO] Experiment: dataset=SyGuS stage=full seeds=0
[INFO] Query root: /root/autodl-tmp/SMTgazer2/sibyl/data/SyGuS
[INFO] Checkpoint: 
[OK] Disk space check passed
[INFO] LightGBM backend: cuda
[OK] NVIDIA GPU (name, total MiB, used MiB, utilization %): Tesla V100-PCIE-32GB, 32768, 0, 0
[OK] Conda: /root/miniconda3/bin/conda
[INFO] Creating isolated Python 3.10 environment at /root/autodl-tmp/SMTgazer2/.venv
Channels:
 - nvidia
 - defaults
Platform: linux-64
Collecting package metadata (repodata.json): ...working... done
Solving environment: ...working... done

## Package Plan ##

  environment location: /root/autodl-tmp/SMTgazer2/.venv

  added / updated specs:
    - cmake
    - ninja
    - pip
    - python=3.10
    - swig


The following packages will be downloaded:

    package                    |            build
    ---------------------------|-----------------
    _openmp_mutex-5.1          |           52_gnu           7 KB  defaults
    c-ares-1.34.7              |       hd44998d_0         204 KB  defaults
    ca-certificates-2026.7.16  |       h06a4308_0         106 KB  defaults
    cmake-4.3.4                |       h0077a1f_0        22.0 MB  defaults
    expat-2.8.2                |       h7354ed3_1          24 KB  defaults
    gettext-0.25.1             |       hd8bbc44_2         534 KB  defaults
    gettext-tools-0.25.1       |       hc68a75d_2         3.3 MB  defaults
    icu-78.3                   |       h53478e7_1        23.0 MB  defaults
    jansson-2.15.0             |       hbcba0ee_0          65 KB  defaults
    ld_impl_linux-64-2.44      |       h9e0c5a2_3         725 KB  defaults
    libasprintf-0.25.1         |       ha6c9436_2          51 KB  defaults
    libasprintf-devel-0.25.1   |       ha6c9436_2          33 KB  defaults
    libbrotlicommon-1.2.0      |       h32cd6e7_0          76 KB  defaults
    libbrotlidec-1.2.0         |       ha2c5f68_0          33 KB  defaults
    libbrotlienc-1.2.0         |       h2e96acb_0         273 KB  defaults
    libcurl-8.21.0             |       hd8fa685_0         501 KB  defaults
    libexpat-2.8.2             |       h7354ed3_1         126 KB  defaults
    libffi-3.4.8               |       h06d3fd0_3         137 KB  defaults
    libgcc-15.2.0              |       h69a1729_8         803 KB  defaults
    libgcc-ng-15.2.0           |       h166f726_8          28 KB  defaults
    libgettextpo-0.25.1        |       h64fc44f_2         185 KB  defaults
    libgettextpo-devel-0.25.1  |       h64fc44f_2          36 KB  defaults
    libiconv-1.18              |       h75a1612_0         771 KB  defaults
    libidn2-2.3.8              |       hf80d704_0          80 KB  defaults
    libkrb5-1.22.2             |       hbd13c29_0         787 KB  defaults
    libnghttp2-1.69.0          |       h8214106_1         648 KB  defaults
    libnsl-2.0.0               |       h5eee18b_0          31 KB  defaults
    libssh2-1.11.1             |       hfbabe93_1         296 KB  defaults
    libstdcxx-15.2.0           |       h39759b7_8         3.7 MB  defaults
    libstdcxx-ng-15.2.0        |       hc03a8fd_8          28 KB  defaults
    libunistring-1.4.2         |       h34b0ebb_0         656 KB  defaults
    libuv-1.52.1               |       heb5a705_0         884 KB  defaults
    libxcb-1.17.0              |       h9b100fa_0         430 KB  defaults
    libxml2-2.15.3             |       he45aeb6_0         638 KB  defaults
    libzlib-1.3.2              |       h47b2149_0          60 KB  defaults
    lmdb-1.0.0                 |       hfe55579_0         518 KB  defaults
    lz4-c-1.9.4                |       h7354ed3_5         144 KB  defaults
    ncurses-6.5                |       h7934f7d_0         1.1 MB  defaults
    ninja-1.13.1               |       h06a4308_0           8 KB  defaults
    ninja-base-1.13.1          |       h0f57076_0         163 KB  defaults
    openssl-3.5.7              |       h1b28b03_0         5.5 MB  defaults
    packaging-26.1             |  py310h06a4308_0         239 KB  defaults
    pcre2-10.46                |       hf426167_0         1.2 MB  defaults
    pip-26.1.2                 |     pyhc872135_0         1.1 MB  defaults
    pthread-stubs-0.3          |       h47b2149_2           7 KB  defaults
    python-3.10.20             |       h17756b0_1        24.2 MB  defaults
    readline-8.3               |       hc2a1206_0         471 KB  defaults
    rhash-1.4.6                |       hd199180_1         196 KB  defaults
    setuptools-83.0.0          |  py310h06a4308_0         1.2 MB  defaults
    sqlite-3.53.2              |       h795bf6d_0         1.2 MB  defaults
    swig-4.4.1                 |       h0260bc6_0         1.2 MB  defaults
    tk-8.6.15                  |       h54e0aa7_0         3.4 MB  defaults
    tzdata-2026c               |       he532380_0         117 KB  defaults
    wheel-0.47.0               |  py310h06a4308_0          56 KB  defaults
    xorg-libx11-1.8.12         |       h9b100fa_1         895 KB  defaults
    xorg-libxau-1.0.12         |       h9b100fa_0          13 KB  defaults
    xorg-libxdmcp-1.1.5        |       h9b100fa_0          19 KB  defaults
    xorg-xorgproto-2024.1      |       h47b2149_2         550 KB  defaults
    xz-5.8.2                   |       h448239c_0         621 KB  defaults
    zlib-1.3.2                 |       h47b2149_0          92 KB  defaults
    zstd-1.5.7                 |       h11fc155_0         608 KB  defaults
    ------------------------------------------------------------
                                           Total:       106.0 MB

The following NEW packages will be INSTALLED:

  _libgcc_mutex      pkgs/main/linux-64::_libgcc_mutex-0.1-main 
  _openmp_mutex      pkgs/main/linux-64::_openmp_mutex-5.1-52_gnu 
  bzip2              pkgs/main/linux-64::bzip2-1.0.8-h5eee18b_6 
  c-ares             pkgs/main/linux-64::c-ares-1.34.7-hd44998d_0 
  ca-certificates    pkgs/main/linux-64::ca-certificates-2026.7.16-h06a4308_0 
  cmake              pkgs/main/linux-64::cmake-4.3.4-h0077a1f_0 
  expat              pkgs/main/linux-64::expat-2.8.2-h7354ed3_1 
  gettext            pkgs/main/linux-64::gettext-0.25.1-hd8bbc44_2 
  gettext-tools      pkgs/main/linux-64::gettext-tools-0.25.1-hc68a75d_2 
  icu                pkgs/main/linux-64::icu-78.3-h53478e7_1 
  jansson            pkgs/main/linux-64::jansson-2.15.0-hbcba0ee_0 
  ld_impl_linux-64   pkgs/main/linux-64::ld_impl_linux-64-2.44-h9e0c5a2_3 
  libasprintf        pkgs/main/linux-64::libasprintf-0.25.1-ha6c9436_2 
  libasprintf-devel  pkgs/main/linux-64::libasprintf-devel-0.25.1-ha6c9436_2 
  libbrotlicommon    pkgs/main/linux-64::libbrotlicommon-1.2.0-h32cd6e7_0 
  libbrotlidec       pkgs/main/linux-64::libbrotlidec-1.2.0-ha2c5f68_0 
  libbrotlienc       pkgs/main/linux-64::libbrotlienc-1.2.0-h2e96acb_0 
  libcurl            pkgs/main/linux-64::libcurl-8.21.0-hd8fa685_0 
  libev              pkgs/main/linux-64::libev-4.33-h7f8727e_1 
  libexpat           pkgs/main/linux-64::libexpat-2.8.2-h7354ed3_1 
  libffi             pkgs/main/linux-64::libffi-3.4.8-h06d3fd0_3 
  libgcc             pkgs/main/linux-64::libgcc-15.2.0-h69a1729_8 
  libgcc-ng          pkgs/main/linux-64::libgcc-ng-15.2.0-h166f726_8 
  libgettextpo       pkgs/main/linux-64::libgettextpo-0.25.1-h64fc44f_2 
  libgettextpo-devel pkgs/main/linux-64::libgettextpo-devel-0.25.1-h64fc44f_2 
  libiconv           pkgs/main/linux-64::libiconv-1.18-h75a1612_0 
  libidn2            pkgs/main/linux-64::libidn2-2.3.8-hf80d704_0 
  libkrb5            pkgs/main/linux-64::libkrb5-1.22.2-hbd13c29_0 
  libnghttp2         pkgs/main/linux-64::libnghttp2-1.69.0-h8214106_1 
  libnsl             pkgs/main/linux-64::libnsl-2.0.0-h5eee18b_0 
  libssh2            pkgs/main/linux-64::libssh2-1.11.1-hfbabe93_1 
  libstdcxx          pkgs/main/linux-64::libstdcxx-15.2.0-h39759b7_8 
  libstdcxx-ng       pkgs/main/linux-64::libstdcxx-ng-15.2.0-hc03a8fd_8 
  libunistring       pkgs/main/linux-64::libunistring-1.4.2-h34b0ebb_0 
  libuuid            pkgs/main/linux-64::libuuid-1.41.5-h5eee18b_0 
  libuv              pkgs/main/linux-64::libuv-1.52.1-heb5a705_0 
  libxcb             pkgs/main/linux-64::libxcb-1.17.0-h9b100fa_0 
  libxml2            pkgs/main/linux-64::libxml2-2.15.3-he45aeb6_0 
  libzlib            pkgs/main/linux-64::libzlib-1.3.2-h47b2149_0 
  lmdb               pkgs/main/linux-64::lmdb-1.0.0-hfe55579_0 
  lz4-c              pkgs/main/linux-64::lz4-c-1.9.4-h7354ed3_5 
  ncurses            pkgs/main/linux-64::ncurses-6.5-h7934f7d_0 
  ninja              pkgs/main/linux-64::ninja-1.13.1-h06a4308_0 
  ninja-base         pkgs/main/linux-64::ninja-base-1.13.1-h0f57076_0 
  openssl            pkgs/main/linux-64::openssl-3.5.7-h1b28b03_0 
  packaging          pkgs/main/linux-64::packaging-26.1-py310h06a4308_0 
  pcre2              pkgs/main/linux-64::pcre2-10.46-hf426167_0 
  pip                pkgs/main/noarch::pip-26.1.2-pyhc872135_0 
  pthread-stubs      pkgs/main/linux-64::pthread-stubs-0.3-h47b2149_2 
  python             pkgs/main/linux-64::python-3.10.20-h17756b0_1 
  readline           pkgs/main/linux-64::readline-8.3-hc2a1206_0 
  rhash              pkgs/main/linux-64::rhash-1.4.6-hd199180_1 
  setuptools         pkgs/main/linux-64::setuptools-83.0.0-py310h06a4308_0 
  sqlite             pkgs/main/linux-64::sqlite-3.53.2-h795bf6d_0 
  swig               pkgs/main/linux-64::swig-4.4.1-h0260bc6_0 
  tk                 pkgs/main/linux-64::tk-8.6.15-h54e0aa7_0 
  tzdata             pkgs/main/noarch::tzdata-2026c-he532380_0 
  wheel              pkgs/main/linux-64::wheel-0.47.0-py310h06a4308_0 
  xorg-libx11        pkgs/main/linux-64::xorg-libx11-1.8.12-h9b100fa_1 
  xorg-libxau        pkgs/main/linux-64::xorg-libxau-1.0.12-h9b100fa_0 
  xorg-libxdmcp      pkgs/main/linux-64::xorg-libxdmcp-1.1.5-h9b100fa_0 
  xorg-xorgproto     pkgs/main/linux-64::xorg-xorgproto-2024.1-h47b2149_2 
  xz                 pkgs/main/linux-64::xz-5.8.2-h448239c_0 
  zlib               pkgs/main/linux-64::zlib-1.3.2-h47b2149_0 
  zstd               pkgs/main/linux-64::zstd-1.5.7-h11fc155_0 



Downloading and Extracting Packages: ...working... done
Preparing transaction: ...working... done
Verifying transaction: ...working... done
Executing transaction: ...working... done
#
# To activate this environment, use
#
#     $ conda activate /root/autodl-tmp/SMTgazer2/.venv
#
# To deactivate an active environment, use
#
#     $ conda deactivate

[OK] Python: Python 3.10.20
[INFO] Installing the user-space CUDA 12.1 compiler and headers
Channels:
 - nvidia
 - defaults
Platform: linux-64
Collecting package metadata (repodata.json): ...working... done
Solving environment: ...working... done

## Package Plan ##

  environment location: /root/autodl-tmp/SMTgazer2/.venv

  added / updated specs:
    - cuda-cccl=12.1.109
    - cuda-cudart-dev=12.1.105
    - cuda-cudart-static=12.1.105
    - cuda-cudart=12.1.105
    - cuda-nvcc=12.1.105
    - cuda-version=12.1


The following packages will be downloaded:

    package                    |            build
    ---------------------------|-----------------
    cuda-cccl-12.1.109         |                0         1.2 MB  nvidia
    cuda-cudart-12.1.105       |                0         189 KB  nvidia
    cuda-cudart-dev-12.1.105   |                0         372 KB  nvidia
    cuda-cudart-static-12.1.105|                0         926 KB  nvidia
    cuda-nvcc-12.1.105         |                0        52.4 MB  nvidia
    cuda-version-12.1          |       h1f5ad73_3          19 KB  defaults
    ------------------------------------------------------------
                                           Total:        55.1 MB

The following NEW packages will be INSTALLED:

  cuda-cccl          nvidia/linux-64::cuda-cccl-12.1.109-0 
  cuda-cudart        nvidia/linux-64::cuda-cudart-12.1.105-0 
  cuda-cudart-dev    nvidia/linux-64::cuda-cudart-dev-12.1.105-0 
  cuda-cudart-static nvidia/linux-64::cuda-cudart-static-12.1.105-0 
  cuda-nvcc          nvidia/linux-64::cuda-nvcc-12.1.105-0 
  cuda-version       pkgs/main/noarch::cuda-version-12.1-h1f5ad73_3 



Downloading and Extracting Packages: ...working... done
Preparing transaction: ...working... done
Verifying transaction: ...working... done
Executing transaction: ...working... done
[OK] CUDA 12.1 build toolkit installed
[INFO] Installing pinned Python runtime dependencies
Looking in indexes: http://mirrors.aliyun.com/pypi/simple
Requirement already satisfied: pip==26.1.2 in ./.venv/lib/python3.10/site-packages (26.1.2)
Collecting setuptools==69.5.1
  Downloading setuptools-69.5.1-py3-none-any.whl (894 kB)
     ━━━━━━━━━━━━━━━━━━━━━━━━━━━━━━━━━━━━━━━━ 894.6/894.6 kB 5.6 MB/s  0:00:00
Requirement already satisfied: wheel==0.47.0 in ./.venv/lib/python3.10/site-packages (0.47.0)
Requirement already satisfied: packaging>=24.0 in ./.venv/lib/python3.10/site-packages (from wheel==0.47.0) (26.1)
Installing collected packages: setuptools
  Attempting uninstall: setuptools
    Found existing installation: setuptools 83.0.0
    Uninstalling setuptools-83.0.0:
      Successfully uninstalled setuptools-83.0.0
Successfully installed setuptools-69.5.1
WARNING: Running pip as the 'root' user can result in broken permissions and conflicting behaviour with the system package manager, possibly rendering your system unusable. It is recommended to use a virtual environment instead: https://pip.pypa.io/warnings/venv. Use the --root-user-action option if you know what you are doing and want to suppress this warning.
Looking in indexes: https://download.pytorch.org/whl/cu121
Collecting torch==2.2.0
  Downloading torch-2.2.0%2Bcu121-cp310-cp310-linux_x86_64.whl (757.3 MB)
     ━━━━━━━━━━━━━━━━━━━━━━━━━━━━━━━━━━━━━━━━ 757.3/757.3 MB 3.2 MB/s  0:03:53
Collecting filelock (from torch==2.2.0)
  Downloading filelock-3.29.0-py3-none-any.whl.metadata (2.0 kB)
Collecting typing-extensions>=4.8.0 (from torch==2.2.0)
  Downloading typing_extensions-4.15.0-py3-none-any.whl.metadata (3.3 kB)
Collecting sympy (from torch==2.2.0)
  Downloading sympy-1.14.0-py3-none-any.whl.metadata (12 kB)
Collecting networkx (from torch==2.2.0)
  Downloading networkx-3.4.2-py3-none-any.whl.metadata (6.3 kB)
Collecting jinja2 (from torch==2.2.0)
  Downloading jinja2-3.1.6-py3-none-any.whl.metadata (2.9 kB)
Collecting fsspec (from torch==2.2.0)
  Downloading fsspec-2026.4.0-py3-none-any.whl.metadata (10 kB)
Collecting nvidia-cuda-nvrtc-cu12==12.1.105 (from torch==2.2.0)
  Downloading nvidia_cuda_nvrtc_cu12-12.1.105-py3-none-manylinux1_x86_64.whl (23.7 MB)
     ━━━━━━━━━━━━━━━━━━━━━━━━━━━━━━━━━━━━━━━━ 23.7/23.7 MB 3.3 MB/s  0:00:07
Collecting nvidia-cuda-runtime-cu12==12.1.105 (from torch==2.2.0)
  Downloading nvidia_cuda_runtime_cu12-12.1.105-py3-none-manylinux1_x86_64.whl (823 kB)
     ━━━━━━━━━━━━━━━━━━━━━━━━━━━━━━━━━━━━━━━━ 823.6/823.6 kB 10.2 MB/s  0:00:00
Collecting nvidia-cuda-cupti-cu12==12.1.105 (from torch==2.2.0)
  Downloading nvidia_cuda_cupti_cu12-12.1.105-py3-none-manylinux1_x86_64.whl (14.1 MB)
     ━━━━━━━━━━━━━━━━━━━━━━━━━━━━━━━━━━━━━━━━ 14.1/14.1 MB 3.6 MB/s  0:00:04
Collecting nvidia-cudnn-cu12==8.9.2.26 (from torch==2.2.0)
  Downloading nvidia_cudnn_cu12-8.9.2.26-py3-none-manylinux1_x86_64.whl (731.7 MB)
     ━━━━━━━━━━━━━━━━━━━━━━━━━━━━━━━━━━━━━━━━ 731.7/731.7 MB 2.4 MB/s  0:03:41
Collecting nvidia-cublas-cu12==12.1.3.1 (from torch==2.2.0)
  Downloading nvidia_cublas_cu12-12.1.3.1-py3-none-manylinux1_x86_64.whl (410.6 MB)
     ━━━━━━━━━━━━━━━━━━━━━━━━━━━━━━━━━━━━━━━━ 410.6/410.6 MB 3.4 MB/s  0:02:04
Collecting nvidia-cufft-cu12==11.0.2.54 (from torch==2.2.0)
  Downloading nvidia_cufft_cu12-11.0.2.54-py3-none-manylinux1_x86_64.whl (121.6 MB)
     ━━━━━━━━━━━━━━━━━━━━━━━━━━━━━━━━━━━━━━━━ 121.6/121.6 MB 3.3 MB/s  0:00:37
Collecting nvidia-curand-cu12==10.3.2.106 (from torch==2.2.0)
  Downloading nvidia_curand_cu12-10.3.2.106-py3-none-manylinux1_x86_64.whl (56.5 MB)
     ━━━━━━━━━━━━━━━━━━━━━━━━━━━━━━━━━━━━━━━━ 56.5/56.5 MB 3.0 MB/s  0:00:19
Collecting nvidia-cusolver-cu12==11.4.5.107 (from torch==2.2.0)
  Downloading nvidia_cusolver_cu12-11.4.5.107-py3-none-manylinux1_x86_64.whl (124.2 MB)
     ━━━━━━━━━━━━━━━━━━━━━━━━━━━━━━━━━━━━━━━━ 124.2/124.2 MB 3.4 MB/s  0:00:40
Collecting nvidia-cusparse-cu12==12.1.0.106 (from torch==2.2.0)
  Downloading nvidia_cusparse_cu12-12.1.0.106-py3-none-manylinux1_x86_64.whl (196.0 MB)
     ━━━━━━━━━━━━━━━━━━━━━━━━━━━━━━━━━━━━━━━━ 196.0/196.0 MB 3.7 MB/s  0:00:54
Collecting nvidia-nccl-cu12==2.19.3 (from torch==2.2.0)
  Downloading nvidia_nccl_cu12-2.19.3-py3-none-manylinux1_x86_64.whl (166.0 MB)
     ━━━━━━━━━━━━━━━━━━━━━━━━━━━━━━━━━━━━━━━━ 166.0/166.0 MB 3.2 MB/s  0:00:51
Collecting nvidia-nvtx-cu12==12.1.105 (from torch==2.2.0)
  Downloading nvidia_nvtx_cu12-12.1.105-py3-none-manylinux1_x86_64.whl (99 kB)
Collecting triton==2.2.0 (from torch==2.2.0)
  Downloading triton-2.2.0-cp310-cp310-manylinux_2_17_x86_64.manylinux2014_x86_64.whl (167.9 MB)
     ━━━━━━━━━━━━━━━━━━━━━━━━━━━━━━━━━━━━━━━━ 167.9/167.9 MB 3.5 MB/s  0:00:51
Collecting nvidia-nvjitlink-cu12 (from nvidia-cusolver-cu12==11.4.5.107->torch==2.2.0)
  Downloading nvidia_nvjitlink_cu12-12.9.86-py3-none-manylinux2010_x86_64.manylinux_2_12_x86_64.whl.metadata (1.7 kB)
Collecting MarkupSafe>=2.0 (from jinja2->torch==2.2.0)
  Downloading markupsafe-3.0.3-cp310-cp310-manylinux2014_x86_64.manylinux_2_17_x86_64.manylinux_2_28_x86_64.whl.metadata (2.7 kB)
Collecting mpmath<1.4,>=1.1.0 (from sympy->torch==2.2.0)
  Downloading mpmath-1.3.0-py3-none-any.whl.metadata (8.6 kB)
Downloading typing_extensions-4.15.0-py3-none-any.whl (44 kB)
Downloading filelock-3.29.0-py3-none-any.whl (39 kB)
Downloading fsspec-2026.4.0-py3-none-any.whl (203 kB)
Downloading jinja2-3.1.6-py3-none-any.whl (134 kB)
Downloading markupsafe-3.0.3-cp310-cp310-manylinux2014_x86_64.manylinux_2_17_x86_64.manylinux_2_28_x86_64.whl (20 kB)
Downloading networkx-3.4.2-py3-none-any.whl (1.7 MB)
   ━━━━━━━━━━━━━━━━━━━━━━━━━━━━━━━━━━━━━━━━ 1.7/1.7 MB 3.8 MB/s  0:00:00
Downloading nvidia_nvjitlink_cu12-12.9.86-py3-none-manylinux2010_x86_64.manylinux_2_12_x86_64.whl (39.7 MB)
   ━━━━━━━━━━━━━━━━━━━━━━━━━━━━━━━━━━━━━━━━ 39.7/39.7 MB 3.3 MB/s  0:00:12
Downloading sympy-1.14.0-py3-none-any.whl (6.3 MB)
   ━━━━━━━━━━━━━━━━━━━━━━━━━━━━━━━━━━━━━━━━ 6.3/6.3 MB 3.2 MB/s  0:00:02
Downloading mpmath-1.3.0-py3-none-any.whl (536 kB)
   ━━━━━━━━━━━━━━━━━━━━━━━━━━━━━━━━━━━━━━━━ 536.2/536.2 kB 1.9 MB/s  0:00:00
Installing collected packages: mpmath, typing-extensions, sympy, nvidia-nvtx-cu12, nvidia-nvjitlink-cu12, nvidia-nccl-cu12, nvidia-curand-cu12, nvidia-cufft-cu12, nvidia-cuda-runtime-cu12, nvidia-cuda-nvrtc-cu12, nvidia-cuda-cupti-cu12, nvidia-cublas-cu12, networkx, MarkupSafe, fsspec, filelock, triton, nvidia-cusparse-cu12, nvidia-cudnn-cu12, jinja2, nvidia-cusolver-cu12, torch

Successfully installed MarkupSafe-3.0.3 filelock-3.29.0 fsspec-2026.4.0 jinja2-3.1.6 mpmath-1.3.0 networkx-3.4.2 nvidia-cublas-cu12-12.1.3.1 nvidia-cuda-cupti-cu12-12.1.105 nvidia-cuda-nvrtc-cu12-12.1.105 nvidia-cuda-runtime-cu12-12.1.105 nvidia-cudnn-cu12-8.9.2.26 nvidia-cufft-cu12-11.0.2.54 nvidia-curand-cu12-10.3.2.106 nvidia-cusolver-cu12-11.4.5.107 nvidia-cusparse-cu12-12.1.0.106 nvidia-nccl-cu12-2.19.3 nvidia-nvjitlink-cu12-12.9.86 nvidia-nvtx-cu12-12.1.105 sympy-1.14.0 torch-2.2.0+cu121 triton-2.2.0 typing-extensions-4.15.0
WARNING: Running pip as the 'root' user can result in broken permissions and conflicting behaviour with the system package manager, possibly rendering your system unusable. It is recommended to use a virtual environment instead: https://pip.pypa.io/warnings/venv. Use the --root-user-action option if you know what you are doing and want to suppress this warning.
Looking in indexes: http://mirrors.aliyun.com/pypi/simple
Collecting ConfigSpace==1.2.1 (from -r /root/autodl-tmp/SMTgazer2/SMTgazer/requirements-runtime.txt (line 1))
  Downloading configspace-1.2.1-py3-none-any.whl (117 kB)
Collecting dask==2024.12.1 (from dask[distributed]==2024.12.1->-r /root/autodl-tmp/SMTgazer2/SMTgazer/requirements-runtime.txt (line 2))
  Downloading dask-2024.12.1-py3-none-any.whl (1.3 MB)
     ━━━━━━━━━━━━━━━━━━━━━━━━━━━━━━━━━━━━━━━━ 1.3/1.3 MB 1.4 MB/s  0:00:00
Collecting dask-jobqueue==0.9.0 (from -r /root/autodl-tmp/SMTgazer2/SMTgazer/requirements-runtime.txt (line 3))
  Downloading dask_jobqueue-0.9.0-py2.py3-none-any.whl (52 kB)
Collecting emcee==3.1.6 (from -r /root/autodl-tmp/SMTgazer2/SMTgazer/requirements-runtime.txt (line 4))
  Downloading emcee-3.1.6-py2.py3-none-any.whl (47 kB)
Collecting joblib==1.4.2 (from -r /root/autodl-tmp/SMTgazer2/SMTgazer/requirements-runtime.txt (line 5))
  Downloading joblib-1.4.2-py3-none-any.whl (301 kB)
Collecting lightgbm==4.5.0 (from -r /root/autodl-tmp/SMTgazer2/SMTgazer/requirements-runtime.txt (line 6))
  Downloading lightgbm-4.5.0-py3-none-manylinux_2_28_x86_64.whl (3.6 MB)
     ━━━━━━━━━━━━━━━━━━━━━━━━━━━━━━━━━━━━━━━━ 3.6/3.6 MB 1.7 MB/s  0:00:02
Collecting more-itertools==10.5.0 (from -r /root/autodl-tmp/SMTgazer2/SMTgazer/requirements-runtime.txt (line 7))
  Downloading more_itertools-10.5.0-py3-none-any.whl (60 kB)
Collecting numpy==1.26.4 (from -r /root/autodl-tmp/SMTgazer2/SMTgazer/requirements-runtime.txt (line 8))
  Downloading numpy-1.26.4-cp310-cp310-manylinux_2_17_x86_64.manylinux2014_x86_64.whl (18.2 MB)
     ━━━━━━━━━━━━━━━━━━━━━━━━━━━━━━━━━━━━━━━━ 18.2/18.2 MB 1.7 MB/s  0:00:10
Collecting psutil==5.9.8 (from -r /root/autodl-tmp/SMTgazer2/SMTgazer/requirements-runtime.txt (line 9))
  Downloading psutil-5.9.8-cp36-abi3-manylinux_2_12_x86_64.manylinux2010_x86_64.manylinux_2_17_x86_64.manylinux2014_x86_64.whl (288 kB)
Collecting pyclustering==0.10.1.2 (from -r /root/autodl-tmp/SMTgazer2/SMTgazer/requirements-runtime.txt (line 10))
  Downloading pyclustering-0.10.1.2.tar.gz (2.6 MB)
     ━━━━━━━━━━━━━━━━━━━━━━━━━━━━━━━━━━━━━━━━ 2.6/2.6 MB 1.4 MB/s  0:00:02
  Installing build dependencies: started
  Installing build dependencies: finished with status 'done'
  Getting requirements to build wheel: started
  Getting requirements to build wheel: finished with status 'done'
  Preparing metadata (pyproject.toml): started
  Preparing metadata (pyproject.toml): finished with status 'done'
Collecting pynisher==1.0.10 (from -r /root/autodl-tmp/SMTgazer2/SMTgazer/requirements-runtime.txt (line 11))
  Downloading pynisher-1.0.10.tar.gz (30 kB)
  Installing build dependencies: started
  Installing build dependencies: finished with status 'done'
  Getting requirements to build wheel: started
  Getting requirements to build wheel: finished with status 'done'
  Preparing metadata (pyproject.toml): started
  Preparing metadata (pyproject.toml): finished with status 'done'
Collecting pyrfr==0.9.0 (from -r /root/autodl-tmp/SMTgazer2/SMTgazer/requirements-runtime.txt (line 12))
  Downloading pyrfr-0.9.0-cp310-cp310-manylinux_2_17_x86_64.manylinux2014_x86_64.whl (4.6 MB)
     ━━━━━━━━━━━━━━━━━━━━━━━━━━━━━━━━━━━━━━━━ 4.6/4.6 MB 1.7 MB/s  0:00:03
Collecting pysmt==0.9.6 (from -r /root/autodl-tmp/SMTgazer2/SMTgazer/requirements-runtime.txt (line 13))
  Downloading PySMT-0.9.6-py2.py3-none-any.whl (326 kB)
Collecting PyYAML==6.0.2 (from -r /root/autodl-tmp/SMTgazer2/SMTgazer/requirements-runtime.txt (line 14))
  Downloading PyYAML-6.0.2-cp310-cp310-manylinux_2_17_x86_64.manylinux2014_x86_64.whl (751 kB)
     ━━━━━━━━━━━━━━━━━━━━━━━━━━━━━━━━━━━━━━━━ 751.2/751.2 kB 2.5 MB/s  0:00:00
Collecting regex==2024.11.6 (from -r /root/autodl-tmp/SMTgazer2/SMTgazer/requirements-runtime.txt (line 15))
  Downloading regex-2024.11.6-cp310-cp310-manylinux_2_17_x86_64.manylinux2014_x86_64.whl (781 kB)
     ━━━━━━━━━━━━━━━━━━━━━━━━━━━━━━━━━━━━━━━━ 781.7/781.7 kB 2.0 MB/s  0:00:00
Collecting scikit-learn==1.6.1 (from -r /root/autodl-tmp/SMTgazer2/SMTgazer/requirements-runtime.txt (line 16))
  Downloading scikit_learn-1.6.1-cp310-cp310-manylinux_2_17_x86_64.manylinux2014_x86_64.whl (13.5 MB)
     ━━━━━━━━━━━━━━━━━━━━━━━━━━━━━━━━━━━━━━━━ 13.5/13.5 MB 1.7 MB/s  0:00:07
Collecting scipy==1.13.1 (from -r /root/autodl-tmp/SMTgazer2/SMTgazer/requirements-runtime.txt (line 17))
  Downloading scipy-1.13.1-cp310-cp310-manylinux_2_17_x86_64.manylinux2014_x86_64.whl (38.6 MB)
     ━━━━━━━━━━━━━━━━━━━━━━━━━━━━━━━━━━━━━━━━ 38.6/38.6 MB 1.6 MB/s  0:00:24
Requirement already satisfied: torch==2.2.0 in ./.venv/lib/python3.10/site-packages (from -r /root/autodl-tmp/SMTgazer2/SMTgazer/requirements-runtime.txt (line 18)) (2.2.0+cu121)
Collecting torch-geometric==2.5.3 (from -r /root/autodl-tmp/SMTgazer2/SMTgazer/requirements-runtime.txt (line 19))
  Downloading torch_geometric-2.5.3-py3-none-any.whl (1.1 MB)
     ━━━━━━━━━━━━━━━━━━━━━━━━━━━━━━━━━━━━━━━━ 1.1/1.1 MB 1.5 MB/s  0:00:00
Collecting typing_extensions==4.11.0 (from -r /root/autodl-tmp/SMTgazer2/SMTgazer/requirements-runtime.txt (line 20))
  Downloading typing_extensions-4.11.0-py3-none-any.whl (34 kB)
Collecting pyparsing (from ConfigSpace==1.2.1->-r /root/autodl-tmp/SMTgazer2/SMTgazer/requirements-runtime.txt (line 1))
  Downloading pyparsing-3.3.2-py3-none-any.whl (122 kB)
Collecting click>=8.1 (from dask==2024.12.1->dask[distributed]==2024.12.1->-r /root/autodl-tmp/SMTgazer2/SMTgazer/requirements-runtime.txt (line 2))
  Downloading click-8.4.2-py3-none-any.whl (119 kB)
Collecting cloudpickle>=3.0.0 (from dask==2024.12.1->dask[distributed]==2024.12.1->-r /root/autodl-tmp/SMTgazer2/SMTgazer/requirements-runtime.txt (line 2))
  Downloading cloudpickle-3.1.2-py3-none-any.whl (22 kB)
Requirement already satisfied: fsspec>=2021.09.0 in ./.venv/lib/python3.10/site-packages (from dask==2024.12.1->dask[distributed]==2024.12.1->-r /root/autodl-tmp/SMTgazer2/SMTgazer/requirements-runtime.txt (line 2)) (2026.4.0)
Requirement already satisfied: packaging>=20.0 in ./.venv/lib/python3.10/site-packages (from dask==2024.12.1->dask[distributed]==2024.12.1->-r /root/autodl-tmp/SMTgazer2/SMTgazer/requirements-runtime.txt (line 2)) (26.1)
Collecting partd>=1.4.0 (from dask==2024.12.1->dask[distributed]==2024.12.1->-r /root/autodl-tmp/SMTgazer2/SMTgazer/requirements-runtime.txt (line 2))
  Downloading partd-1.4.2-py3-none-any.whl (18 kB)
Collecting toolz>=0.10.0 (from dask==2024.12.1->dask[distributed]==2024.12.1->-r /root/autodl-tmp/SMTgazer2/SMTgazer/requirements-runtime.txt (line 2))
  Downloading toolz-1.1.0-py3-none-any.whl (58 kB)
Collecting importlib_metadata>=4.13.0 (from dask==2024.12.1->dask[distributed]==2024.12.1->-r /root/autodl-tmp/SMTgazer2/SMTgazer/requirements-runtime.txt (line 2))
  Downloading importlib_metadata-9.0.0-py3-none-any.whl (27 kB)
Collecting distributed>=2022.02.0 (from dask-jobqueue==0.9.0->-r /root/autodl-tmp/SMTgazer2/SMTgazer/requirements-runtime.txt (line 3))
  Downloading distributed-2026.7.1-py3-none-any.whl (1.0 MB)
     ━━━━━━━━━━━━━━━━━━━━━━━━━━━━━━━━━━━━━━━━ 1.0/1.0 MB 1.2 MB/s  0:00:00
Collecting matplotlib>=3.0.0 (from pyclustering==0.10.1.2->-r /root/autodl-tmp/SMTgazer2/SMTgazer/requirements-runtime.txt (line 10))
  Downloading matplotlib-3.10.9-cp310-cp310-manylinux2014_x86_64.manylinux_2_17_x86_64.whl (8.8 MB)
     ━━━━━━━━━━━━━━━━━━━━━━━━━━━━━━━━━━━━━━━━ 8.8/8.8 MB 1.1 MB/s  0:00:08
Collecting Pillow>=5.2.0 (from pyclustering==0.10.1.2->-r /root/autodl-tmp/SMTgazer2/SMTgazer/requirements-runtime.txt (line 10))
  Downloading pillow-12.3.0-cp310-cp310-manylinux_2_27_x86_64.manylinux_2_28_x86_64.whl (6.9 MB)
     ━━━━━━━━━━━━━━━━━━━━━━━━━━━━━━━━━━━━━━━━ 6.9/6.9 MB 1.0 MB/s  0:00:06
Collecting threadpoolctl>=3.1.0 (from scikit-learn==1.6.1->-r /root/autodl-tmp/SMTgazer2/SMTgazer/requirements-runtime.txt (line 16))
  Downloading threadpoolctl-3.6.0-py3-none-any.whl (18 kB)
Requirement already satisfied: filelock in ./.venv/lib/python3.10/site-packages (from torch==2.2.0->-r /root/autodl-tmp/SMTgazer2/SMTgazer/requirements-runtime.txt (line 18)) (3.29.0)
Requirement already satisfied: sympy in ./.venv/lib/python3.10/site-packages (from torch==2.2.0->-r /root/autodl-tmp/SMTgazer2/SMTgazer/requirements-runtime.txt (line 18)) (1.14.0)
Requirement already satisfied: networkx in ./.venv/lib/python3.10/site-packages (from torch==2.2.0->-r /root/autodl-tmp/SMTgazer2/SMTgazer/requirements-runtime.txt (line 18)) (3.4.2)
Requirement already satisfied: jinja2 in ./.venv/lib/python3.10/site-packages (from torch==2.2.0->-r /root/autodl-tmp/SMTgazer2/SMTgazer/requirements-runtime.txt (line 18)) (3.1.6)
Requirement already satisfied: nvidia-cuda-nvrtc-cu12==12.1.105 in ./.venv/lib/python3.10/site-packages (from torch==2.2.0->-r /root/autodl-tmp/SMTgazer2/SMTgazer/requirements-runtime.txt (line 18)) (12.1.105)
Requirement already satisfied: nvidia-cuda-runtime-cu12==12.1.105 in ./.venv/lib/python3.10/site-packages (from torch==2.2.0->-r /root/autodl-tmp/SMTgazer2/SMTgazer/requirements-runtime.txt (line 18)) (12.1.105)
Requirement already satisfied: nvidia-cuda-cupti-cu12==12.1.105 in ./.venv/lib/python3.10/site-packages (from torch==2.2.0->-r /root/autodl-tmp/SMTgazer2/SMTgazer/requirements-runtime.txt (line 18)) (12.1.105)
Requirement already satisfied: nvidia-cudnn-cu12==8.9.2.26 in ./.venv/lib/python3.10/site-packages (from torch==2.2.0->-r /root/autodl-tmp/SMTgazer2/SMTgazer/requirements-runtime.txt (line 18)) (8.9.2.26)
Requirement already satisfied: nvidia-cublas-cu12==12.1.3.1 in ./.venv/lib/python3.10/site-packages (from torch==2.2.0->-r /root/autodl-tmp/SMTgazer2/SMTgazer/requirements-runtime.txt (line 18)) (12.1.3.1)
Requirement already satisfied: nvidia-cufft-cu12==11.0.2.54 in ./.venv/lib/python3.10/site-packages (from torch==2.2.0->-r /root/autodl-tmp/SMTgazer2/SMTgazer/requirements-runtime.txt (line 18)) (11.0.2.54)
Requirement already satisfied: nvidia-curand-cu12==10.3.2.106 in ./.venv/lib/python3.10/site-packages (from torch==2.2.0->-r /root/autodl-tmp/SMTgazer2/SMTgazer/requirements-runtime.txt (line 18)) (10.3.2.106)
Requirement already satisfied: nvidia-cusolver-cu12==11.4.5.107 in ./.venv/lib/python3.10/site-packages (from torch==2.2.0->-r /root/autodl-tmp/SMTgazer2/SMTgazer/requirements-runtime.txt (line 18)) (11.4.5.107)
Requirement already satisfied: nvidia-cusparse-cu12==12.1.0.106 in ./.venv/lib/python3.10/site-packages (from torch==2.2.0->-r /root/autodl-tmp/SMTgazer2/SMTgazer/requirements-runtime.txt (line 18)) (12.1.0.106)
Requirement already satisfied: nvidia-nccl-cu12==2.19.3 in ./.venv/lib/python3.10/site-packages (from torch==2.2.0->-r /root/autodl-tmp/SMTgazer2/SMTgazer/requirements-runtime.txt (line 18)) (2.19.3)
Requirement already satisfied: nvidia-nvtx-cu12==12.1.105 in ./.venv/lib/python3.10/site-packages (from torch==2.2.0->-r /root/autodl-tmp/SMTgazer2/SMTgazer/requirements-runtime.txt (line 18)) (12.1.105)
Requirement already satisfied: triton==2.2.0 in ./.venv/lib/python3.10/site-packages (from torch==2.2.0->-r /root/autodl-tmp/SMTgazer2/SMTgazer/requirements-runtime.txt (line 18)) (2.2.0)
Collecting tqdm (from torch-geometric==2.5.3->-r /root/autodl-tmp/SMTgazer2/SMTgazer/requirements-runtime.txt (line 19))
  Downloading tqdm-4.70.0-py3-none-any.whl (80 kB)
Collecting aiohttp (from torch-geometric==2.5.3->-r /root/autodl-tmp/SMTgazer2/SMTgazer/requirements-runtime.txt (line 19))
  Downloading aiohttp-3.14.3-cp310-cp310-manylinux2014_x86_64.manylinux_2_17_x86_64.manylinux_2_28_x86_64.whl (1.7 MB)
     ━━━━━━━━━━━━━━━━━━━━━━━━━━━━━━━━━━━━━━━━ 1.7/1.7 MB 1.2 MB/s  0:00:01
Collecting requests (from torch-geometric==2.5.3->-r /root/autodl-tmp/SMTgazer2/SMTgazer/requirements-runtime.txt (line 19))
  Downloading requests-2.34.2-py3-none-any.whl (73 kB)
Collecting distributed>=2022.02.0 (from dask-jobqueue==0.9.0->-r /root/autodl-tmp/SMTgazer2/SMTgazer/requirements-runtime.txt (line 3))
  Downloading distributed-2024.12.1-py3-none-any.whl (1.0 MB)
     ━━━━━━━━━━━━━━━━━━━━━━━━━━━━━━━━━━━━━━━━ 1.0/1.0 MB 925.9 kB/s  0:00:01
Collecting locket>=1.0.0 (from distributed>=2022.02.0->dask-jobqueue==0.9.0->-r /root/autodl-tmp/SMTgazer2/SMTgazer/requirements-runtime.txt (line 3))
  Downloading locket-1.0.0-py2.py3-none-any.whl (4.4 kB)
Collecting msgpack>=1.0.2 (from distributed>=2022.02.0->dask-jobqueue==0.9.0->-r /root/autodl-tmp/SMTgazer2/SMTgazer/requirements-runtime.txt (line 3))
  Downloading msgpack-1.2.1-cp310-cp310-manylinux2014_x86_64.manylinux_2_17_x86_64.manylinux_2_28_x86_64.whl (407 kB)
Collecting sortedcontainers>=2.0.5 (from distributed>=2022.02.0->dask-jobqueue==0.9.0->-r /root/autodl-tmp/SMTgazer2/SMTgazer/requirements-runtime.txt (line 3))
  Downloading sortedcontainers-2.4.0-py2.py3-none-any.whl (29 kB)
Collecting tblib>=1.6.0 (from distributed>=2022.02.0->dask-jobqueue==0.9.0->-r /root/autodl-tmp/SMTgazer2/SMTgazer/requirements-runtime.txt (line 3))
  Downloading tblib-3.2.2-py3-none-any.whl (12 kB)
Collecting tornado>=6.2.0 (from distributed>=2022.02.0->dask-jobqueue==0.9.0->-r /root/autodl-tmp/SMTgazer2/SMTgazer/requirements-runtime.txt (line 3))
  Downloading tornado-6.5.8-cp39-abi3-manylinux1_x86_64.manylinux_2_28_x86_64.manylinux_2_5_x86_64.whl (450 kB)
Collecting urllib3>=1.26.5 (from distributed>=2022.02.0->dask-jobqueue==0.9.0->-r /root/autodl-tmp/SMTgazer2/SMTgazer/requirements-runtime.txt (line 3))
  Downloading urllib3-2.7.0-py3-none-any.whl (131 kB)
Collecting zict>=3.0.0 (from distributed>=2022.02.0->dask-jobqueue==0.9.0->-r /root/autodl-tmp/SMTgazer2/SMTgazer/requirements-runtime.txt (line 3))
  Downloading zict-3.0.0-py2.py3-none-any.whl (43 kB)
Requirement already satisfied: nvidia-nvjitlink-cu12 in ./.venv/lib/python3.10/site-packages (from nvidia-cusolver-cu12==11.4.5.107->torch==2.2.0->-r /root/autodl-tmp/SMTgazer2/SMTgazer/requirements-runtime.txt (line 18)) (12.9.86)
Collecting zipp>=3.20 (from importlib_metadata>=4.13.0->dask==2024.12.1->dask[distributed]==2024.12.1->-r /root/autodl-tmp/SMTgazer2/SMTgazer/requirements-runtime.txt (line 2))
  Downloading zipp-4.1.0-py3-none-any.whl (10 kB)
Requirement already satisfied: MarkupSafe>=2.0 in ./.venv/lib/python3.10/site-packages (from jinja2->torch==2.2.0->-r /root/autodl-tmp/SMTgazer2/SMTgazer/requirements-runtime.txt (line 18)) (3.0.3)
Collecting contourpy>=1.0.1 (from matplotlib>=3.0.0->pyclustering==0.10.1.2->-r /root/autodl-tmp/SMTgazer2/SMTgazer/requirements-runtime.txt (line 10))
  Downloading contourpy-1.3.2-cp310-cp310-manylinux_2_17_x86_64.manylinux2014_x86_64.whl (325 kB)
Collecting cycler>=0.10 (from matplotlib>=3.0.0->pyclustering==0.10.1.2->-r /root/autodl-tmp/SMTgazer2/SMTgazer/requirements-runtime.txt (line 10))
  Downloading cycler-0.12.1-py3-none-any.whl (8.3 kB)
Collecting fonttools>=4.22.0 (from matplotlib>=3.0.0->pyclustering==0.10.1.2->-r /root/autodl-tmp/SMTgazer2/SMTgazer/requirements-runtime.txt (line 10))
  Downloading fonttools-4.63.0-cp310-cp310-manylinux2014_x86_64.manylinux_2_17_x86_64.whl (4.9 MB)
     ━━━━━━━━━━━━━━━━━━━━━━━━━━━━━━━━━━━━━━━━ 4.9/4.9 MB 1.1 MB/s  0:00:04
Collecting kiwisolver>=1.3.1 (from matplotlib>=3.0.0->pyclustering==0.10.1.2->-r /root/autodl-tmp/SMTgazer2/SMTgazer/requirements-runtime.txt (line 10))
  Downloading kiwisolver-1.5.0-cp310-cp310-manylinux_2_12_x86_64.manylinux2010_x86_64.whl (1.6 MB)
     ━━━━━━━━━━━━━━━━━━━━━━━━━━━━━━━━━━━━━━━━ 1.6/1.6 MB 1.1 MB/s  0:00:01
Collecting python-dateutil>=2.7 (from matplotlib>=3.0.0->pyclustering==0.10.1.2->-r /root/autodl-tmp/SMTgazer2/SMTgazer/requirements-runtime.txt (line 10))
  Downloading python_dateutil-2.9.0.post0-py2.py3-none-any.whl (229 kB)
Collecting six>=1.5 (from python-dateutil>=2.7->matplotlib>=3.0.0->pyclustering==0.10.1.2->-r /root/autodl-tmp/SMTgazer2/SMTgazer/requirements-runtime.txt (line 10))
  Downloading six-1.17.0-py2.py3-none-any.whl (11 kB)
Collecting aiohappyeyeballs>=2.5.0 (from aiohttp->torch-geometric==2.5.3->-r /root/autodl-tmp/SMTgazer2/SMTgazer/requirements-runtime.txt (line 19))
  Downloading aiohappyeyeballs-2.7.1-py3-none-any.whl (15 kB)
Collecting aiosignal>=1.4.0 (from aiohttp->torch-geometric==2.5.3->-r /root/autodl-tmp/SMTgazer2/SMTgazer/requirements-runtime.txt (line 19))
  Downloading aiosignal-1.4.0-py3-none-any.whl (7.5 kB)
Collecting async-timeout<6.0,>=4.0 (from aiohttp->torch-geometric==2.5.3->-r /root/autodl-tmp/SMTgazer2/SMTgazer/requirements-runtime.txt (line 19))
  Downloading async_timeout-5.0.1-py3-none-any.whl (6.2 kB)
Collecting attrs>=17.3.0 (from aiohttp->torch-geometric==2.5.3->-r /root/autodl-tmp/SMTgazer2/SMTgazer/requirements-runtime.txt (line 19))
  Downloading attrs-26.1.0-py3-none-any.whl (67 kB)
Collecting frozenlist>=1.1.1 (from aiohttp->torch-geometric==2.5.3->-r /root/autodl-tmp/SMTgazer2/SMTgazer/requirements-runtime.txt (line 19))
  Downloading frozenlist-1.8.0-cp310-cp310-manylinux1_x86_64.manylinux_2_28_x86_64.manylinux_2_5_x86_64.whl (219 kB)
Collecting multidict<7.0,>=4.5 (from aiohttp->torch-geometric==2.5.3->-r /root/autodl-tmp/SMTgazer2/SMTgazer/requirements-runtime.txt (line 19))
  Downloading multidict-6.7.1-cp310-cp310-manylinux2014_x86_64.manylinux_2_17_x86_64.manylinux_2_28_x86_64.whl (243 kB)
Collecting propcache>=0.2.0 (from aiohttp->torch-geometric==2.5.3->-r /root/autodl-tmp/SMTgazer2/SMTgazer/requirements-runtime.txt (line 19))
  Downloading propcache-0.5.2-cp310-cp310-manylinux2014_x86_64.manylinux_2_17_x86_64.manylinux_2_28_x86_64.whl (60 kB)
Collecting yarl<2.0,>=1.17.0 (from aiohttp->torch-geometric==2.5.3->-r /root/autodl-tmp/SMTgazer2/SMTgazer/requirements-runtime.txt (line 19))
  Downloading yarl-1.24.5-cp310-cp310-manylinux2014_x86_64.manylinux_2_17_x86_64.manylinux_2_28_x86_64.whl (110 kB)
Collecting idna>=2.0 (from yarl<2.0,>=1.17.0->aiohttp->torch-geometric==2.5.3->-r /root/autodl-tmp/SMTgazer2/SMTgazer/requirements-runtime.txt (line 19))
  Downloading idna-3.18-py3-none-any.whl (65 kB)
Collecting charset_normalizer<4,>=2 (from requests->torch-geometric==2.5.3->-r /root/autodl-tmp/SMTgazer2/SMTgazer/requirements-runtime.txt (line 19))
  Downloading charset_normalizer-3.4.9-cp310-cp310-manylinux2014_x86_64.manylinux_2_17_x86_64.manylinux_2_28_x86_64.whl (223 kB)
Collecting certifi>=2023.5.7 (from requests->torch-geometric==2.5.3->-r /root/autodl-tmp/SMTgazer2/SMTgazer/requirements-runtime.txt (line 19))
  Downloading certifi-2026.7.22-py3-none-any.whl (136 kB)
Requirement already satisfied: mpmath<1.4,>=1.1.0 in ./.venv/lib/python3.10/site-packages (from sympy->torch==2.2.0->-r /root/autodl-tmp/SMTgazer2/SMTgazer/requirements-runtime.txt (line 18)) (1.3.0)
Building wheels for collected packages: pyclustering, pynisher
  Building wheel for pyclustering (pyproject.toml): started
  Building wheel for pyclustering (pyproject.toml): finished with status 'done'
  Created wheel for pyclustering: filename=pyclustering-0.10.1.2-py3-none-any.whl size=2395195 sha256=95eb524e3b4dbc1bd88f050a2195a48289bb92abddcfcafb5108ea7835e85ec7
  Stored in directory: /root/autodl-tmp/SMTgazer2/.cache/pip/wheels/ea/ea/9d/1a6ef77df88e7ff86b954ffb90d591d97b746350571e1375bc
  Building wheel for pynisher (pyproject.toml): started
  Building wheel for pynisher (pyproject.toml): finished with status 'done'
  Created wheel for pynisher: filename=pynisher-1.0.10-py3-none-any.whl size=28743 sha256=c55472eeb129af5c289cbfc11f27a0dfd4db0c9d3831db60bef96e6b83cd8628
  Stored in directory: /root/autodl-tmp/SMTgazer2/.cache/pip/wheels/22/6b/c7/a4d5788cbfb47eef2cede7e6a0c741c00382f17652a7324633
Successfully built pyclustering pynisher
Installing collected packages: sortedcontainers, pysmt, zipp, zict, urllib3, typing_extensions, tqdm, tornado, toolz, threadpoolctl, tblib, six, regex, PyYAML, pyrfr, pyparsing, psutil, propcache, Pillow, numpy, msgpack, more-itertools, locket, kiwisolver, joblib, idna, frozenlist, fonttools, cycler, cloudpickle, click, charset_normalizer, certifi, attrs, async-timeout, aiohappyeyeballs, scipy, requests, python-dateutil, pynisher, partd, multidict, importlib_metadata, emcee, contourpy, aiosignal, yarl, scikit-learn, matplotlib, lightgbm, dask, ConfigSpace, pyclustering, distributed, aiohttp, torch-geometric, dask-jobqueue
  Attempting uninstall: typing_extensions
    Found existing installation: typing_extensions 4.15.0
    Uninstalling typing_extensions-4.15.0:
      Successfully uninstalled typing_extensions-4.15.0

Successfully installed ConfigSpace-1.2.1 Pillow-12.3.0 PyYAML-6.0.2 aiohappyeyeballs-2.7.1 aiohttp-3.14.3 aiosignal-1.4.0 async-timeout-5.0.1 attrs-26.1.0 certifi-2026.7.22 charset_normalizer-3.4.9 click-8.4.2 cloudpickle-3.1.2 contourpy-1.3.2 cycler-0.12.1 dask-2024.12.1 dask-jobqueue-0.9.0 distributed-2024.12.1 emcee-3.1.6 fonttools-4.63.0 frozenlist-1.8.0 idna-3.18 importlib_metadata-9.0.0 joblib-1.4.2 kiwisolver-1.5.0 lightgbm-4.5.0 locket-1.0.0 matplotlib-3.10.9 more-itertools-10.5.0 msgpack-1.2.1 multidict-6.7.1 numpy-1.26.4 partd-1.4.2 propcache-0.5.2 psutil-5.9.8 pyclustering-0.10.1.2 pynisher-1.0.10 pyparsing-3.3.2 pyrfr-0.9.0 pysmt-0.9.6 python-dateutil-2.9.0.post0 regex-2024.11.6 requests-2.34.2 scikit-learn-1.6.1 scipy-1.13.1 six-1.17.0 sortedcontainers-2.4.0 tblib-3.2.2 threadpoolctl-3.6.0 toolz-1.1.0 torch-geometric-2.5.3 tornado-6.5.8 tqdm-4.70.0 typing_extensions-4.11.0 urllib3-2.7.0 yarl-1.24.5 zict-3.0.0 zipp-4.1.0
WARNING: Running pip as the 'root' user can result in broken permissions and conflicting behaviour with the system package manager, possibly rendering your system unusable. It is recommended to use a virtual environment instead: https://pip.pypa.io/warnings/venv. Use the --root-user-action option if you know what you are doing and want to suppress this warning.
Looking in indexes: http://mirrors.aliyun.com/pypi/simple
Obtaining file:///root/autodl-tmp/SMTgazer2/SMTgazer/smac
  Installing build dependencies: started
  Installing build dependencies: finished with status 'done'
  Checking if build backend supports build_editable: started
  Checking if build backend supports build_editable: finished with status 'done'
  Getting requirements to build editable: started
  Getting requirements to build editable: finished with status 'done'
  Preparing editable metadata (pyproject.toml): started
  Preparing editable metadata (pyproject.toml): finished with status 'done'
Building wheels for collected packages: smac
  Building editable for smac (pyproject.toml): started
  Building editable for smac (pyproject.toml): finished with status 'done'
  Created wheel for smac: filename=smac-2.3.1-0.editable-py3-none-any.whl size=6054 sha256=fef014134f29eb4166be4a8bca28499ffae060bd8e724dd77805b8d440383aaa
  Stored in directory: /tmp/pip-ephem-wheel-cache-yebsvzhw/wheels/c9/81/a1/547ff1c87e76db63a99cf3bc4bfe371ee6a733e8c2d6f07bf4
Successfully built smac
Installing collected packages: smac
Successfully installed smac-2.3.1
WARNING: Running pip as the 'root' user can result in broken permissions and conflicting behaviour with the system package manager, possibly rendering your system unusable. It is recommended to use a virtual environment instead: https://pip.pypa.io/warnings/venv. Use the --root-user-action option if you know what you are doing and want to suppress this warning.
No broken requirements found.
[OK] Pinned Python runtime installed
[INFO] Building LightGBM 4.5.0 from source with USE_CUDA=ON
Looking in indexes: http://mirrors.aliyun.com/pypi/simple
Collecting lightgbm==4.5.0
  Downloading lightgbm-4.5.0.tar.gz (1.7 MB)
     ━━━━━━━━━━━━━━━━━━━━━━━━━━━━━━━━━━━━━━━━ 1.7/1.7 MB 1.1 MB/s  0:00:02
  Installing build dependencies: started
  Installing build dependencies: finished with status 'done'
  Getting requirements to build wheel: started
  Getting requirements to build wheel: finished with status 'done'
  Preparing metadata (pyproject.toml): started
  Preparing metadata (pyproject.toml): finished with status 'done'
Building wheels for collected packages: lightgbm
  Building wheel for lightgbm (pyproject.toml): started
  Building wheel for lightgbm (pyproject.toml): still running...
  Building wheel for lightgbm (pyproject.toml): still running...
  Building wheel for lightgbm (pyproject.toml): still running...
  Building wheel for lightgbm (pyproject.toml): still running...
  Building wheel for lightgbm (pyproject.toml): finished with status 'done'
  Created wheel for lightgbm: filename=lightgbm-4.5.0-py3-none-linux_x86_64.whl size=11572551 sha256=13cc35d68f379cc0fc70a08f02957ff5cb5da1f23112583bde4295763e24fef3
  Stored in directory: /tmp/pip-ephem-wheel-cache-stn97bj_/wheels/97/ba/f5/027050e971442507c07e254b18dffd1c5d95bcff3d2c68a29d
Successfully built lightgbm
Installing collected packages: lightgbm
  Attempting uninstall: lightgbm
    Found existing installation: lightgbm 4.5.0
    Uninstalling lightgbm-4.5.0:
      Successfully uninstalled lightgbm-4.5.0
Successfully installed lightgbm-4.5.0
WARNING: Running pip as the 'root' user can result in broken permissions and conflicting behaviour with the system package manager, possibly rendering your system unusable. It is recommended to use a virtual environment instead: https://pip.pypa.io/warnings/venv. Use the --root-user-action option if you know what you are doing and want to suppress this warning.
/root/autodl-tmp/SMTgazer2/.venv/lib/python3.10/site-packages/sklearn/utils/deprecation.py:151: FutureWarning: 'force_all_finite' was renamed to 'ensure_all_finite' in 1.6 and will be removed in 1.8.
  warnings.warn(
/root/autodl-tmp/SMTgazer2/.venv/lib/python3.10/site-packages/sklearn/utils/deprecation.py:151: FutureWarning: 'force_all_finite' was renamed to 'ensure_all_finite' in 1.6 and will be removed in 1.8.
  warnings.warn(
[OK] LightGBM CUDA source build and fit/predict passed
No broken requirements found.
[OK] Environment snapshot saved in /root/autodl-tmp/SMTgazer2/logs/20260807_192209_10885
[OK] Python 3.10.20
[OK] numpy 1.26.4
[OK] torch 2.2.0+cu121
[OK] torch-geometric 2.5.3
[OK] pySMT 0.9.6
[OK] pyclustering 0.10.1.2
[OK] LightGBM 4.5.0
[OK] ConfigSpace 1.2.1
[OK] local SMAC /root/autodl-tmp/SMTgazer2/SMTgazer/smac/smac/__init__.py
[OK] pySMT node feature size 67
[OK] PyTorch CUDA device: Tesla V100-PCIE-32GB
[LightGBM] [Warning] min_data_in_leaf is set=1, min_child_samples=20 will be ignored. Current value: min_data_in_leaf=1
[LightGBM] [Warning] Using sparse features with CUDA is currently not supported.
[LightGBM] [Warning] min_data_in_leaf is set=1, min_child_samples=20 will be ignored. Current value: min_data_in_leaf=1
[LightGBM] [Info] Total Bins 252
[LightGBM] [Info] Number of data points in the train set: 512, number of used features: 4
[LightGBM] [Info] Start training from score 0.513112
[LightGBM] [Warning] min_data_in_leaf is set=1, min_child_samples=20 will be ignored. Current value: min_data_in_leaf=1
[OK] LightGBM CUDA GPU fit/predict
[OK] SMAC LightGBM+RandomForest hybrid fit/predict
[OK] pyclustering X-means fit
[OK] Sibyl 201-value GNN embedding
[OK] Server is ready for experiments
[INFO] Continuous GPU monitor: /root/autodl-tmp/SMTgazer2/logs/20260807_192209_10885/gpu.csv
[WARN] --overwrite is active; canonical feature/result files are not backed up
+ /root/autodl-tmp/SMTgazer2/.venv/bin/python -B /root/autodl-tmp/SMTgazer2/SMTgazer/run_experiment.py --dataset SyGuS --device cuda:0 --overwrite --allow-partial-features --query-root /root/autodl-tmp/SMTgazer2/sibyl/data/SyGuS --sibyl-root /root/autodl-tmp/SMTgazer2/sibyl --train-sibyl --gnn-epochs 25 --gnn-batch-size 8 --gnn-workers 4 --graph-workers 6 --feature-batch-size 8 --gnn-seed 0 --stage features --seeds 0 
[PHASE] sibyl_graph_build
+ /root/autodl-tmp/SMTgazer2/.venv/bin/python -u /root/autodl-tmp/SMTgazer2/sibyl/prepare_graph_cache.py --query-root /root/autodl-tmp/SMTgazer2/sibyl/data/SyGuS --labels /root/autodl-tmp/SMTgazer2/sibyl/data/SyGuS_GNN_Labels.json --output-dir /root/autodl-tmp/SMTgazer2/.cache/sibyl_graphs/SyGuS --splits train test --workers 6
[GRAPH] 999/99909 built=999 cached=0 failed=0 rate=57.63/s
[GRAPH] 1998/99909 built=1998 cached=0 failed=0 rate=57.99/s
[GRAPH] 2997/99909 built=2997 cached=0 failed=0 rate=57.99/s
[GRAPH] 3996/99909 built=3996 cached=0 failed=0 rate=57.24/s
[GRAPH] 4995/99909 built=4995 cached=0 failed=0 rate=57.41/s
[GRAPH] 5994/99909 built=5994 cached=0 failed=0 rate=57.12/s
[GRAPH] 6993/99909 built=6993 cached=0 failed=0 rate=56.80/s
[GRAPH] 7992/99909 built=7992 cached=0 failed=0 rate=56.84/s
[GRAPH] 8991/99909 built=8991 cached=0 failed=0 rate=56.61/s
[GRAPH] 9990/99909 built=9990 cached=0 failed=0 rate=56.55/s
[GRAPH] 10989/99909 built=10989 cached=0 failed=0 rate=56.57/s
[GRAPH] 11988/99909 built=11987 cached=0 failed=1 rate=56.54/s
[GRAPH] 12987/99909 built=12986 cached=0 failed=1 rate=56.46/s
[GRAPH] 13986/99909 built=13985 cached=0 failed=1 rate=56.52/s
[GRAPH] 14985/99909 built=14984 cached=0 failed=1 rate=56.47/s
[GRAPH] 15984/99909 built=15983 cached=0 failed=1 rate=56.46/s
[GRAPH] 16983/99909 built=16982 cached=0 failed=1 rate=56.41/s
[GRAPH] 17982/99909 built=17981 cached=0 failed=1 rate=56.43/s
[GRAPH] 18981/99909 built=18980 cached=0 failed=1 rate=56.34/s
[GRAPH] 19980/99909 built=19979 cached=0 failed=1 rate=56.04/s
[GRAPH] 20979/99909 built=20978 cached=0 failed=1 rate=56.03/s
[GRAPH] 21978/99909 built=21977 cached=0 failed=1 rate=56.01/s
[GRAPH] 22977/99909 built=22976 cached=0 failed=1 rate=56.07/s
[GRAPH] 23976/99909 built=23975 cached=0 failed=1 rate=56.03/s
[GRAPH] 24975/99909 built=24974 cached=0 failed=1 rate=55.99/s
[GRAPH] 25974/99909 built=25973 cached=0 failed=1 rate=55.93/s
[GRAPH] 26973/99909 built=26972 cached=0 failed=1 rate=55.91/s
[GRAPH] 27972/99909 built=27971 cached=0 failed=1 rate=55.93/s
[GRAPH] 28971/99909 built=28969 cached=0 failed=2 rate=56.06/s
[GRAPH] 29970/99909 built=29968 cached=0 failed=2 rate=56.11/s
[GRAPH] 30969/99909 built=30967 cached=0 failed=2 rate=56.11/s
[GRAPH] 31968/99909 built=31966 cached=0 failed=2 rate=56.14/s
[GRAPH] 32967/99909 built=32965 cached=0 failed=2 rate=56.21/s
[GRAPH] 33966/99909 built=33964 cached=0 failed=2 rate=56.22/s
[GRAPH] 34965/99909 built=34962 cached=0 failed=3 rate=56.21/s
[GRAPH] 35964/99909 built=35961 cached=0 failed=3 rate=56.21/s
[GRAPH] 36963/99909 built=36960 cached=0 failed=3 rate=56.11/s
[GRAPH] 37962/99909 built=37958 cached=0 failed=4 rate=56.09/s
[GRAPH] 38961/99909 built=38957 cached=0 failed=4 rate=56.08/s
[GRAPH] 39960/99909 built=39956 cached=0 failed=4 rate=56.01/s
[GRAPH] 40959/99909 built=40955 cached=0 failed=4 rate=55.97/s
[GRAPH] 41958/99909 built=41954 cached=0 failed=4 rate=56.01/s
[GRAPH] 42957/99909 built=42953 cached=0 failed=4 rate=55.98/s
[GRAPH] 43956/99909 built=43952 cached=0 failed=4 rate=55.99/s
[GRAPH] 44955/99909 built=44951 cached=0 failed=4 rate=55.91/s
[GRAPH] 45954/99909 built=45950 cached=0 failed=4 rate=55.87/s
[GRAPH] 46953/99909 built=46949 cached=0 failed=4 rate=55.86/s
[GRAPH] 47952/99909 built=47948 cached=0 failed=4 rate=55.86/s
[GRAPH] 48951/99909 built=48947 cached=0 failed=4 rate=55.81/s
[GRAPH] 49950/99909 built=49946 cached=0 failed=4 rate=55.79/s
[GRAPH] 50949/99909 built=50945 cached=0 failed=4 rate=55.81/s
[GRAPH] 51948/99909 built=51944 cached=0 failed=4 rate=55.76/s
[GRAPH] 52947/99909 built=52943 cached=0 failed=4 rate=55.74/s
[GRAPH] 53946/99909 built=53941 cached=0 failed=5 rate=55.69/s
[GRAPH] 54945/99909 built=54940 cached=0 failed=5 rate=55.69/s
[GRAPH] 55944/99909 built=55939 cached=0 failed=5 rate=55.65/s
[GRAPH] 56943/99909 built=56938 cached=0 failed=5 rate=55.67/s
[GRAPH] 57942/99909 built=57937 cached=0 failed=5 rate=55.65/s
[GRAPH] 58941/99909 built=58936 cached=0 failed=5 rate=55.65/s
[GRAPH] 59940/99909 built=59935 cached=0 failed=5 rate=55.67/s
[GRAPH] 60939/99909 built=60934 cached=0 failed=5 rate=55.66/s
[GRAPH] 61938/99909 built=61933 cached=0 failed=5 rate=55.66/s
[GRAPH] 62937/99909 built=62932 cached=0 failed=5 rate=55.64/s
[GRAPH] 63936/99909 built=63931 cached=0 failed=5 rate=55.60/s
[GRAPH] 64935/99909 built=64930 cached=0 failed=5 rate=55.58/s
[GRAPH] 65934/99909 built=65929 cached=0 failed=5 rate=55.57/s
[GRAPH] 66933/99909 built=66928 cached=0 failed=5 rate=55.57/s
[GRAPH] 67932/99909 built=67927 cached=0 failed=5 rate=55.56/s
[GRAPH] 68931/99909 built=68926 cached=0 failed=5 rate=55.58/s
[GRAPH] 69930/99909 built=69925 cached=0 failed=5 rate=55.54/s
[GRAPH] 70929/99909 built=70924 cached=0 failed=5 rate=55.51/s
[GRAPH] 71928/99909 built=71923 cached=0 failed=5 rate=55.54/s
[GRAPH] 72927/99909 built=72922 cached=0 failed=5 rate=55.52/s
[GRAPH] 73926/99909 built=73921 cached=0 failed=5 rate=55.51/s
[GRAPH] 74925/99909 built=74919 cached=0 failed=6 rate=55.51/s
[GRAPH] 75924/99909 built=75918 cached=0 failed=6 rate=55.52/s
[GRAPH] 76923/99909 built=76916 cached=0 failed=7 rate=55.50/s
[GRAPH] 77922/99909 built=77915 cached=0 failed=7 rate=55.45/s
[GRAPH] 78921/99909 built=78914 cached=0 failed=7 rate=55.42/s
[GRAPH] 79920/99909 built=79913 cached=0 failed=7 rate=55.40/s
[GRAPH] 80919/99909 built=80912 cached=0 failed=7 rate=55.39/s
[GRAPH] 81918/99909 built=81911 cached=0 failed=7 rate=55.38/s
[GRAPH] 82917/99909 built=82910 cached=0 failed=7 rate=55.36/s
[GRAPH] 83916/99909 built=83909 cached=0 failed=7 rate=55.32/s
[GRAPH] 84915/99909 built=84908 cached=0 failed=7 rate=55.29/s
[GRAPH] 85914/99909 built=85907 cached=0 failed=7 rate=55.27/s
[GRAPH] 86913/99909 built=86906 cached=0 failed=7 rate=55.24/s
[GRAPH] 87912/99909 built=87905 cached=0 failed=7 rate=55.21/s
[GRAPH] 88911/99909 built=88904 cached=0 failed=7 rate=55.21/s
[GRAPH] 89910/99909 built=89903 cached=0 failed=7 rate=55.20/s
[GRAPH] 90909/99909 built=90902 cached=0 failed=7 rate=55.20/s
[GRAPH] 91908/99909 built=91901 cached=0 failed=7 rate=55.18/s
[GRAPH] 92907/99909 built=92900 cached=0 failed=7 rate=55.17/s
[GRAPH] 93906/99909 built=93897 cached=0 failed=9 rate=55.17/s
[GRAPH] 94905/99909 built=94896 cached=0 failed=9 rate=55.18/s
[GRAPH] 95904/99909 built=95894 cached=0 failed=10 rate=55.19/s
[GRAPH] 96903/99909 built=96893 cached=0 failed=10 rate=55.20/s
[GRAPH] 97902/99909 built=97892 cached=0 failed=10 rate=55.18/s
[GRAPH] 98901/99909 built=98891 cached=0 failed=10 rate=55.19/s
[GRAPH] 99900/99909 built=99890 cached=0 failed=10 rate=54.99/s
[GRAPH] 99909/99909 built=99899 cached=0 failed=10 rate=54.99/s
[GRAPH] manifest=/root/autodl-tmp/SMTgazer2/.cache/sibyl_graphs/SyGuS/manifest.json
[GRAPH][ERROR] Inv_Track/XC/121.c_Query0.smt2: PysmtTypeError("Trying to redefine symbol 'inv-f' with a new type. Previous type was 'Int -> Int -> Int -> Int -> Int -> Int -> Bool' new type is 'Int -> Int -> Int -> Int -> Bool'")
[GRAPH][ERROR] Inv_Track/XC/91_conf5_Query0.smt2: PysmtTypeError("Trying to redefine symbol 'inv-f' with a new type. Previous type was 'Int -> Int -> Int -> Int -> Bool' new type is 'Int -> Int -> Int -> Int -> Int -> Int -> Int -> Int -> Int -> Int -> Int -> Int -> Int -> Int -> Bool'")
[GRAPH][ERROR] Inv_Track/From2018/fib_25n_Query0.smt2: PysmtTypeError("Trying to redefine symbol 'inv-f' with a new type. Previous type was 'Int -> Int -> Int -> Int -> Bool' new type is 'Int -> Int -> Int -> Int -> Int -> Bool'")
[GRAPH][ERROR] Inv_Track/XC/16_conf1_Query0.smt2: PysmtTypeError("Trying to redefine symbol 'inv-f' with a new type. Previous type was 'Int -> Int -> Int -> Int -> Int -> Int -> Bool' new type is 'Int -> Int -> Int -> Int -> Int -> Int -> Int -> Int -> Bool'")
[GRAPH][ERROR] Inv_Track/XC/39.c_Query0.smt2: PysmtTypeError("Trying to redefine symbol 'inv-f' with a new type. Previous type was 'Int -> Int -> Int -> Int -> Int -> Int -> Bool' new type is 'Int -> Int -> Int -> Int -> Bool'")
[GRAPH][ERROR] Inv_Track/XC/12_conf1_Query0.smt2: PysmtTypeError("Trying to redefine symbol 'inv-f' with a new type. Previous type was 'Int -> Int -> Int -> Int -> Int -> Int -> Int -> Int -> Bool' new type is 'Int -> Int -> Int -> Int -> Int -> Int -> Bool'")
[GRAPH][ERROR] Inv_Track/XC/44.c_Query0.smt2: PysmtTypeError("Trying to redefine symbol 'inv-f' with a new type. Previous type was 'Int -> Int -> Int -> Int -> Int -> Int -> Int -> Int -> Bool' new type is 'Int -> Int -> Int -> Int -> Bool'")
[GRAPH][ERROR] Inv_Track/XC/70_conf5_Query0.smt2: PysmtTypeError("Trying to redefine symbol 'inv-f' with a new type. Previous type was 'Int -> Int -> Int -> Int -> Int -> Int -> Int -> Int -> Bool' new type is 'Int -> Int -> Int -> Int -> Int -> Int -> Int -> Int -> Int -> Int -> Int -> Int -> Int -> Int -> Int -> Int -> Bool'")
[GRAPH][ERROR] Inv_Track/XC/98_conf1_Query0.smt2: PysmtTypeError("Trying to redefine symbol 'inv-f' with a new type. Previous type was 'Int -> Int -> Int -> Int -> Bool' new type is 'Int -> Int -> Int -> Int -> Int -> Int -> Int -> Int -> Int -> Int -> Bool'")
[GRAPH][ERROR] Inv_Track/XC/93_conf5_Query0.smt2: PysmtTypeError("Trying to redefine symbol 'inv-f' with a new type. Previous type was 'Int -> Int -> Int -> Int -> Int -> Int -> Int -> Int -> Bool' new type is 'Int -> Int -> Int -> Int -> Int -> Int -> Int -> Int -> Int -> Int -> Int -> Int -> Int -> Int -> Int -> Int -> Int -> Int -> Bool'")
Traceback (most recent call last):
  File "/root/autodl-tmp/SMTgazer2/sibyl/prepare_graph_cache.py", line 168, in <module>
    main()
  File "/root/autodl-tmp/SMTgazer2/sibyl/prepare_graph_cache.py", line 164, in main
    raise RuntimeError(f"Failed to build {len(failures)}/{total} graph files")
RuntimeError: Failed to build 10/99909 graph files
Traceback (most recent call last):
  File "/root/autodl-tmp/SMTgazer2/SMTgazer/run_experiment.py", line 639, in <module>
    main()
  File "/root/autodl-tmp/SMTgazer2/SMTgazer/run_experiment.py", line 611, in main
    train_sibyl(args, environment)
  File "/root/autodl-tmp/SMTgazer2/SMTgazer/run_experiment.py", line 256, in train_sibyl
    run_command(graph_command, environment, args.dry_run)
  File "/root/autodl-tmp/SMTgazer2/SMTgazer/run_experiment.py", line 48, in run_command
    subprocess.run(command, cwd=ROOT, env=environment, check=True)
  File "/root/autodl-tmp/SMTgazer2/.venv/lib/python3.10/subprocess.py", line 526, in run
    raise CalledProcessError(retcode, process.args,
subprocess.CalledProcessError: Command '['/root/autodl-tmp/SMTgazer2/.venv/bin/python', '-u', '/root/autodl-tmp/SMTgazer2/sibyl/prepare_graph_cache.py', '--query-root', '/root/autodl-tmp/SMTgazer2/sibyl/data/SyGuS', '--labels', '/root/autodl-tmp/SMTgazer2/sibyl/data/SyGuS_GNN_Labels.json', '--output-dir', '/root/autodl-tmp/SMTgazer2/.cache/sibyl_graphs/SyGuS', '--splits', 'train', 'test', '--workers', '6']' returned non-zero exit status 1.
[ERROR] stage=feature generation line=754 exit=1 command=\(\ cd\ \"\$SMT_ROOT\"\;\ \"\$@\"\ \)
[ERROR] Full log: /root/autodl-tmp/SMTgazer2/logs/20260807_192209_10885/run.log
{
  "source": "/root/autodl-tmp/SMTgazer2/logs/20260807_192209_10885/gpu.csv",
  "overall": {
    "samples": 1746,
    "duration_seconds": 1821.267,
    "gpu_util_avg_pct": 0.0,
    "gpu_util_p50_pct": 0.0,
    "gpu_util_p95_pct": 0.0,
    "gpu_util_max_pct": 0.0,
    "gpu_active_samples_pct": 0.0,
    "memory_util_avg_pct": 0.0,
    "memory_used_avg_mib": 0.0,
    "memory_used_peak_mib": 0.0,
    "power_draw_avg_w": 25.89337342497136,
    "power_draw_peak_w": 39.92,
    "estimated_energy_wh": 13.099590083333359,
    "temperature_peak_c": 31.0,
    "sm_clock_avg_mhz": 159.00687285223367
  },
  "phases": {
    "orchestration": {
      "samples": 1,
      "duration_seconds": 0.0,
      "gpu_util_avg_pct": 0.0,
      "gpu_util_p50_pct": 0.0,
      "gpu_util_p95_pct": 0.0,
      "gpu_util_max_pct": 0.0,
      "gpu_active_samples_pct": 0.0,
      "memory_util_avg_pct": 0.0,
      "memory_used_avg_mib": 0.0,
      "memory_used_peak_mib": 0.0,
      "power_draw_avg_w": 39.92,
      "power_draw_peak_w": 39.92,
      "estimated_energy_wh": 0.0,
      "temperature_peak_c": 31.0,
      "sm_clock_avg_mhz": 1230.0
    },
    "sibyl_graph_build": {
      "samples": 1745,
      "duration_seconds": 1820.228,
      "gpu_util_avg_pct": 0.0,
      "gpu_util_p50_pct": 0.0,
      "gpu_util_p95_pct": 0.0,
      "gpu_util_max_pct": 0.0,
      "gpu_active_samples_pct": 0.0,
      "memory_util_avg_pct": 0.0,
      "memory_used_avg_mib": 0.0,
      "memory_used_peak_mib": 0.0,
      "power_draw_avg_w": 25.88533524355301,
      "power_draw_peak_w": 39.82,
      "estimated_energy_wh": 13.088068727777804,
      "temperature_peak_c": 31.0,
      "sm_clock_avg_mhz": 158.39312320916906
    }
  }
}
[OK] GPU metric summary: /root/autodl-tmp/SMTgazer2/logs/20260807_192209_10885/gpu-summary.json
