[INFO] SMTgazer2 action=run run_id=20260721_212106_1478415
[INFO] Repository: /home/xiuiuiu/code/SMTgazer2
[INFO] Log: /home/xiuiuiu/code/SMTgazer2/logs/20260721_212106_1478415/run.log
[INFO] Experiment: dataset=SyGuS stage=portfolio seeds=999
[OK] Disk space check passed
[INFO] Detected WSL2
[INFO] LightGBM backend: cuda
[OK] NVIDIA GPU (name, total MiB, used MiB, utilization %): NVIDIA GeForce RTX 4060 Ti, 8188, 1365, 15
[OK] Conda: /home/xiuiuiu/miniconda3/bin/conda
[OK] Python: Python 3.10.20
[OK] CUDA 12.1 build toolkit is present
[OK] Pinned Python runtime is already installed
[OK] LightGBM CUDA fit/predict passed
No broken requirements found.
[OK] Environment snapshot saved in /home/xiuiuiu/code/SMTgazer2/logs/20260721_212106_1478415
[OK] Python 3.10.20
[OK] numpy 1.26.4
[OK] torch 2.2.0+cu121
[OK] torch-geometric 2.5.3
[OK] pySMT 0.9.6
[OK] pyclustering 0.10.1.2
[OK] LightGBM 4.5.0
[OK] ConfigSpace 1.2.1
[OK] local SMAC /home/xiuiuiu/code/SMTgazer2/SMTgazer/smac/smac/__init__.py
[OK] pySMT node feature size 67
[OK] PyTorch CUDA device: NVIDIA GeForce RTX 4060 Ti
[LightGBM] [Warning] min_data_in_leaf is set=1, min_child_samples=20 will be ignored. Current value: min_data_in_leaf=1
[LightGBM] [Warning] Using sparse features with CUDA is currently not supported.
[LightGBM] [Warning] min_data_in_leaf is set=1, min_child_samples=20 will be ignored. Current value: min_data_in_leaf=1
[LightGBM] [Info] Total Bins 252
[LightGBM] [Info] Number of data points in the train set: 512, number of used features: 4
[LightGBM] [Info] Start training from score 0.513112
[LightGBM] [Warning] min_data_in_leaf is set=1, min_child_samples=20 will be ignored. Current value: min_data_in_leaf=1
[OK] LightGBM CUDA GPU fit/predict
[OK] SMAC LightGBM+RandomForest hybrid fit/predict
[OK] pyclustering X-means fit
[OK] Sibyl 201-value GNN embedding
[OK] Server is ready for experiments
[INFO] Continuous GPU monitor: /home/xiuiuiu/code/SMTgazer2/logs/20260721_212106_1478415/gpu.csv
+ /home/xiuiuiu/code/SMTgazer2/.venv/bin/python -B /home/xiuiuiu/code/SMTgazer2/SMTgazer/run_experiment.py --dataset SyGuS --device cuda:0 --stage portfolio --seeds 999 
Traceback (most recent call last):
  File "/home/xiuiuiu/code/SMTgazer2/SMTgazer/run_experiment.py", line 500, in <module>
    main()
  File "/home/xiuiuiu/code/SMTgazer2/SMTgazer/run_experiment.py", line 485, in main
    run_portfolios(
  File "/home/xiuiuiu/code/SMTgazer2/SMTgazer/run_experiment.py", line 292, in run_portfolios
    validated = validate_features(
  File "/home/xiuiuiu/code/SMTgazer2/SMTgazer/run_experiment.py", line 136, in validate_features
    actual = validate_feature_file(path, expected, allow_partial)
  File "/home/xiuiuiu/code/SMTgazer2/SMTgazer/run_experiment.py", line 99, in validate_feature_file
    raise ValueError(f"Feature {key!r} in {path} is not 201 dimensional")
ValueError: Feature './infer_result/SyGuS/_data_sibly_sibyl_data_SyGuS_SyGuS_Inv_Track_XC_102.c_Query802.smt2.json' in /home/xiuiuiu/code/SMTgazer2/SMTgazer/machfea/infer_result/SyGuS_train_feature.json is not 201 dimensional
[ERROR] stage=portfolio optimization line=626 exit=1 command=\(\ cd\ \"\$SMT_ROOT\"\;\ \"\$@\"\ \)
[ERROR] Full log: /home/xiuiuiu/code/SMTgazer2/logs/20260721_212106_1478415/run.log
